[2026-05-15 08:01:23] INFO  app.server    - Server started on port 3000
[2026-05-15 08:01:45] INFO  app.db        - Database connection established
[2026-05-15 08:03:12] WARN  app.auth      - Failed login attempt for user: admin@example.com
[2026-05-15 08:05:34] ERROR app.api       - NullPointerException at /api/users line 142
[2026-05-15 08:06:01] INFO  app.server    - GET /api/health 200 12ms
[2026-05-15 08:07:45] WARN  app.memory    - Memory usage at 78% - threshold approaching
[2026-05-15 08:08:23] ERROR app.db        - Connection timeout after 30s - retrying (1/3)
[2026-05-15 08:09:10] INFO  app.cache     - Cache hit ratio: 94.2%
[2026-05-15 08:10:55] CRITICAL app.security - Brute force detected: 50 failed attempts from 192.168.1.105
[2026-05-15 08:11:30] ERROR app.api       - 500 Internal Server Error /api/orders
[2026-05-15 08:12:15] INFO  app.server    - POST /api/login 200 45ms
[2026-05-15 08:13:44] WARN  app.disk      - Disk usage at 85% on /var/log
[2026-05-15 08:14:20] INFO  app.backup    - Daily backup completed successfully
[2026-05-15 08:15:33] ERROR app.network   - Connection refused to microservice-payments:8080
[2026-05-15 08:16:10] CRITICAL app.server  - CPU spike detected: 98% utilization for 60s
[2026-05-15 08:17:45] INFO  app.auth      - User token refreshed: user_8821
[2026-05-15 08:18:22] WARN  app.api       - Slow query detected: 4.2s on /api/reports
[2026-05-15 08:19:05] ERROR app.db        - Deadlock detected in transaction pool
[2026-05-15 08:20:30] INFO  app.server    - Deployment v2.4.1 completed
[2026-05-15 08:21:15] WARN  app.auth      - JWT token expiring soon for 12 sessions
